Upsending: [ff ff ff ff ff ff ff f7 00 00 00 00 00 00 00 08 22 75 73 65 72 21 22 69]
